// Jest Snapshot v1, https://goo.gl/fbAQLP

exports[`Stopwatch Snapshot it should match the local snapshot 1`] = `
<div
  className="stopwatch"
>
  <div
    className="header"
  >
    <div
      className="carrierAndWiFi"
    >
      <img
        alt="phone signal"
        src="test-file-stub"
      />
      <span>
        3
      </span>
      <img
        alt="wifi connection"
        src="test-file-stub"
      />
    </div>
    <div
      className="time"
    >
      <span>
        00.15
      </span>
    </div>
    <div
      className="bluetoothAndBattery"
    >
      <img
        alt="bluetooth connection"
        src="test-file-stub"
      />
      <span>
        25%
      </span>
      <img
        alt="battery life"
        src="test-file-stub"
      />
    </div>
    <div
      className="heading"
    >
      <span>
        Stopwatch
      </span>
    </div>
  </div>
  <div
    className="container"
  >
    <span
      className=""
    >
      00:00:00
    </span>
  </div>
  <div
    className="container"
  >
    <button
      className=""
      disabled={true}
      name="Lap"
      onClick={[Function]}
      type="button"
    >
      Lap
    </button>
    <button
      className="start"
      disabled={false}
      name="Start"
      onClick={[Function]}
      type="button"
    >
      Start
    </button>
  </div>
  <div
    className="container backgroundLines"
  />
  <div
    className="footer"
  >
    <div
      className="iconContainer"
    >
      <img
        alt="World Clock"
        src="test-file-stub"
      />
      <span
        className=""
      >
        World Clock
      </span>
    </div>
    <div
      className="iconContainer"
    >
      <img
        alt="Alarm"
        src="test-file-stub"
      />
      <span
        className=""
      >
        Alarm
      </span>
    </div>
    <div
      className="iconContainer"
    >
      <img
        alt="Bedtime"
        src="test-file-stub"
      />
      <span
        className=""
      >
        Bedtime
      </span>
    </div>
    <div
      className="iconContainer"
    >
      <img
        alt="Stopwatch"
        src="test-file-stub"
      />
      <span
        className="selected"
      >
        Stopwatch
      </span>
    </div>
    <div
      className="iconContainer"
    >
      <img
        alt="Timer"
        src="test-file-stub"
      />
      <span
        className=""
      >
        Timer
      </span>
    </div>
  </div>
</div>
`;
