// Jest Snapshot v1, https://goo.gl/fbAQLP

exports[`Stopwatch it should match the local snapshot 1`] = `
<div
  styleName="stopwatch"
>
  <div
    styleName="header"
  >
    <div
      styleName="carrier-and-wifi"
    >
      <img
        alt="phone signal"
        src="test-file-stub"
      />
      <span>
        3
      </span>
      <img
        alt="wifi connection"
        src="test-file-stub"
      />
    </div>
    <div
      styleName="time"
    >
      <span>
        00.15
      </span>
    </div>
    <div
      styleName="bluetooth-and-battery"
    >
      <img
        alt="bluetooth connection"
        src="test-file-stub"
      />
      <span>
        25%
      </span>
      <img
        alt="battery life"
        src="test-file-stub"
      />
    </div>
    <div
      styleName="heading"
    >
      <span>
        Stopwatch
      </span>
    </div>
  </div>
  <div
    styleName="container"
  >
    <span
      styleName=""
    >
      00:00:00
    </span>
  </div>
  <div
    styleName="container"
  >
    <button
      disabled={true}
      name="Lap"
      onClick={[Function]}
      styleName=""
      type="button"
    >
      Lap
    </button>
    <button
      disabled={false}
      name="Start"
      onClick={[Function]}
      styleName="start"
      type="button"
    >
      Start
    </button>
  </div>
  <div
    styleName="container backgroundLines"
  />
  <div
    styleName="footer"
  >
    <div
      styleName="icon-container"
    >
      <img
        alt="World Clock"
        src="test-file-stub"
      />
      <span
        styleName=""
      >
        World Clock
      </span>
    </div>
    <div
      styleName="icon-container"
    >
      <img
        alt="Alarm"
        src="test-file-stub"
      />
      <span
        styleName=""
      >
        Alarm
      </span>
    </div>
    <div
      styleName="icon-container"
    >
      <img
        alt="Bedtime"
        src="test-file-stub"
      />
      <span
        styleName=""
      >
        Bedtime
      </span>
    </div>
    <div
      styleName="icon-container"
    >
      <img
        alt="Stopwatch"
        src="test-file-stub"
      />
      <span
        styleName="selected"
      >
        Stopwatch
      </span>
    </div>
    <div
      styleName="icon-container"
    >
      <img
        alt="Timer"
        src="test-file-stub"
      />
      <span
        styleName=""
      >
        Timer
      </span>
    </div>
  </div>
</div>
`;
